// Jest Snapshot v1, https://goo.gl/fbAQLP

exports[`should render Header correctly 1`] = `
<div>
  <h1>
    Expensify
  </h1>
  <NavLink
    activeClassName="active"
    to="/"
  >
     Dash Bord 
  </NavLink>
  <br />
  <NavLink
    activeClassName="active"
    to="/create"
  >
     Create Expense Page 
  </NavLink>
  <br />
  <NavLink
    to="/help"
  >
     Help 
  </NavLink>
</div>
`;
